Archive member included to satisfy reference by file (symbol)

/home/ankit/Ac6/SystemWorkbench/plugins/fr.ac6.mcu.externaltools.arm-none.linux64_1.17.0.201812190825/tools/compiler/bin/../lib/gcc/arm-none-eabi/7.3.1/../../../../arm-none-eabi/lib/thumb/v7e-m/fpv4-sp/hard/libc.a(lib_a-exit.o)
                              /home/ankit/Ac6/SystemWorkbench/plugins/fr.ac6.mcu.externaltools.arm-none.linux64_1.17.0.201812190825/tools/compiler/bin/../lib/gcc/arm-none-eabi/7.3.1/../../../../arm-none-eabi/lib/thumb/v7e-m/fpv4-sp/hard/rdimon-crt0.o (exit)
/home/ankit/Ac6/SystemWorkbench/plugins/fr.ac6.mcu.externaltools.arm-none.linux64_1.17.0.201812190825/tools/compiler/bin/../lib/gcc/arm-none-eabi/7.3.1/../../../../arm-none-eabi/lib/thumb/v7e-m/fpv4-sp/hard/libc.a(lib_a-impure.o)
                              /home/ankit/Ac6/SystemWorkbench/plugins/fr.ac6.mcu.externaltools.arm-none.linux64_1.17.0.201812190825/tools/compiler/bin/../lib/gcc/arm-none-eabi/7.3.1/../../../../arm-none-eabi/lib/thumb/v7e-m/fpv4-sp/hard/libc.a(lib_a-exit.o) (_global_impure_ptr)
/home/ankit/Ac6/SystemWorkbench/plugins/fr.ac6.mcu.externaltools.arm-none.linux64_1.17.0.201812190825/tools/compiler/bin/../lib/gcc/arm-none-eabi/7.3.1/../../../../arm-none-eabi/lib/thumb/v7e-m/fpv4-sp/hard/libc.a(lib_a-init.o)
                              /home/ankit/Ac6/SystemWorkbench/plugins/fr.ac6.mcu.externaltools.arm-none.linux64_1.17.0.201812190825/tools/compiler/bin/../lib/gcc/arm-none-eabi/7.3.1/../../../../arm-none-eabi/lib/thumb/v7e-m/fpv4-sp/hard/rdimon-crt0.o (__libc_init_array)
/home/ankit/Ac6/SystemWorkbench/plugins/fr.ac6.mcu.externaltools.arm-none.linux64_1.17.0.201812190825/tools/compiler/bin/../lib/gcc/arm-none-eabi/7.3.1/../../../../arm-none-eabi/lib/thumb/v7e-m/fpv4-sp/hard/libc.a(lib_a-memset.o)
                              /home/ankit/Ac6/SystemWorkbench/plugins/fr.ac6.mcu.externaltools.arm-none.linux64_1.17.0.201812190825/tools/compiler/bin/../lib/gcc/arm-none-eabi/7.3.1/../../../../arm-none-eabi/lib/thumb/v7e-m/fpv4-sp/hard/rdimon-crt0.o (memset)
/home/ankit/Ac6/SystemWorkbench/plugins/fr.ac6.mcu.externaltools.arm-none.linux64_1.17.0.201812190825/tools/compiler/bin/../lib/gcc/arm-none-eabi/7.3.1/../../../../arm-none-eabi/lib/thumb/v7e-m/fpv4-sp/hard/libc.a(lib_a-__call_atexit.o)
                              /home/ankit/Ac6/SystemWorkbench/plugins/fr.ac6.mcu.externaltools.arm-none.linux64_1.17.0.201812190825/tools/compiler/bin/../lib/gcc/arm-none-eabi/7.3.1/../../../../arm-none-eabi/lib/thumb/v7e-m/fpv4-sp/hard/libc.a(lib_a-exit.o) (__call_exitprocs)
/home/ankit/Ac6/SystemWorkbench/plugins/fr.ac6.mcu.externaltools.arm-none.linux64_1.17.0.201812190825/tools/compiler/bin/../lib/gcc/arm-none-eabi/7.3.1/../../../../arm-none-eabi/lib/thumb/v7e-m/fpv4-sp/hard/libc.a(lib_a-atexit.o)
                              /home/ankit/Ac6/SystemWorkbench/plugins/fr.ac6.mcu.externaltools.arm-none.linux64_1.17.0.201812190825/tools/compiler/bin/../lib/gcc/arm-none-eabi/7.3.1/../../../../arm-none-eabi/lib/thumb/v7e-m/fpv4-sp/hard/libc.a(lib_a-__call_atexit.o) (atexit)
/home/ankit/Ac6/SystemWorkbench/plugins/fr.ac6.mcu.externaltools.arm-none.linux64_1.17.0.201812190825/tools/compiler/bin/../lib/gcc/arm-none-eabi/7.3.1/../../../../arm-none-eabi/lib/thumb/v7e-m/fpv4-sp/hard/libc.a(lib_a-fini.o)
                              /home/ankit/Ac6/SystemWorkbench/plugins/fr.ac6.mcu.externaltools.arm-none.linux64_1.17.0.201812190825/tools/compiler/bin/../lib/gcc/arm-none-eabi/7.3.1/../../../../arm-none-eabi/lib/thumb/v7e-m/fpv4-sp/hard/libc.a(lib_a-__call_atexit.o) (__libc_fini_array)
/home/ankit/Ac6/SystemWorkbench/plugins/fr.ac6.mcu.externaltools.arm-none.linux64_1.17.0.201812190825/tools/compiler/bin/../lib/gcc/arm-none-eabi/7.3.1/../../../../arm-none-eabi/lib/thumb/v7e-m/fpv4-sp/hard/libc.a(lib_a-lock.o)
                              /home/ankit/Ac6/SystemWorkbench/plugins/fr.ac6.mcu.externaltools.arm-none.linux64_1.17.0.201812190825/tools/compiler/bin/../lib/gcc/arm-none-eabi/7.3.1/../../../../arm-none-eabi/lib/thumb/v7e-m/fpv4-sp/hard/libc.a(lib_a-__call_atexit.o) (__retarget_lock_acquire_recursive)
/home/ankit/Ac6/SystemWorkbench/plugins/fr.ac6.mcu.externaltools.arm-none.linux64_1.17.0.201812190825/tools/compiler/bin/../lib/gcc/arm-none-eabi/7.3.1/../../../../arm-none-eabi/lib/thumb/v7e-m/fpv4-sp/hard/libc.a(lib_a-__atexit.o)
                              /home/ankit/Ac6/SystemWorkbench/plugins/fr.ac6.mcu.externaltools.arm-none.linux64_1.17.0.201812190825/tools/compiler/bin/../lib/gcc/arm-none-eabi/7.3.1/../../../../arm-none-eabi/lib/thumb/v7e-m/fpv4-sp/hard/libc.a(lib_a-atexit.o) (__register_exitproc)
/home/ankit/Ac6/SystemWorkbench/plugins/fr.ac6.mcu.externaltools.arm-none.linux64_1.17.0.201812190825/tools/compiler/bin/../lib/gcc/arm-none-eabi/7.3.1/../../../../arm-none-eabi/lib/thumb/v7e-m/fpv4-sp/hard/librdimon.a(rdimon-syscalls.o)
[...]
Memory Configuration

Name             Origin             Length             Attributes
RAM              0x0000000020000000 0x0000000000020000 xrw
ROM              0x0000000008000000 0x0000000000100000 xr
*default*        0x0000000000000000 0xffffffffffffffff

Linker script and memory map

LOAD /home/ankit/Ac6/SystemWorkbench/plugins/fr.ac6.mcu.externaltools.arm-none.linux64_1.17.0.201812190825/tools/compiler/bin/../lib/gcc/arm-none-eabi/7.3.1/thumb/v7e-m/fpv4-sp/hard/crti.o
LOAD /home/ankit/Ac6/SystemWorkbench/plugins/fr.ac6.mcu.externaltools.arm-none.linux64_1.17.0.201812190825/tools/compiler/bin/../lib/gcc/arm-none-eabi/7.3.1/thumb/v7e-m/fpv4-sp/hard/crtbegin.o
LOAD /home/ankit/Ac6/SystemWorkbench/plugins/fr.ac6.mcu.externaltools.arm-none.linux64_1.17.0.201812190825/tools/compiler/bin/../lib/gcc/arm-none-eabi/7.3.1/../../../../arm-none-eabi/lib/thumb/v7e-m/fpv4-sp/hard/rdimon-crt0.o
LOAD /home/ankit/Ac6/SystemWorkbench/plugins/fr.ac6.mcu.externaltools.arm-none.linux64_1.17.0.201812190825/tools/compiler/bin/../lib/gcc/arm-none-eabi/7.3.1/../../../../arm-none-eabi/lib/thumb/v7e-m/fpv4-sp/hard/libc.a
LOAD /home/ankit/Ac6/SystemWorkbench/plugins/fr.ac6.mcu.externaltools.arm-none.linux64_1.17.0.201812190825/tools/compiler/bin/../lib/gcc/arm-none-eabi/7.3.1/../../../../arm-none-eabi/lib/thumb/v7e-m/fpv4-sp/hard/librdimon.a
LOAD StdPeriph_Driver/src/misc.o
LOAD StdPeriph_Driver/src/stm32f4xx_adc.o
LOAD StdPeriph_Driver/src/stm32f4xx_can.o
LOAD StdPeriph_Driver/src/stm32f4xx_cec.o
LOAD StdPeriph_Driver/src/stm32f4xx_crc.o
LOAD StdPeriph_Driver/src/stm32f4xx_cryp.o
LOAD StdPeriph_Driver/src/stm32f4xx_cryp_aes.o
LOAD StdPeriph_Driver/src/stm32f4xx_cryp_des.o
LOAD StdPeriph_Driver/src/stm32f4xx_cryp_tdes.o
LOAD StdPeriph_Driver/src/stm32f4xx_dac.o
LOAD StdPeriph_Driver/src/stm32f4xx_dbgmcu.o
LOAD StdPeriph_Driver/src/stm32f4xx_dcmi.o
LOAD StdPeriph_Driver/src/stm32f4xx_dfsdm.o
LOAD StdPeriph_Driver/src/stm32f4xx_dma.o
LOAD StdPeriph_Driver/src/stm32f4xx_dma2d.o
LOAD StdPeriph_Driver/src/stm32f4xx_dsi.o
LOAD StdPeriph_Driver/src/stm32f4xx_exti.o
LOAD StdPeriph_Driver/src/stm32f4xx_flash.o
LOAD StdPeriph_Driver/src/stm32f4xx_flash_ramfunc.o
LOAD StdPeriph_Driver/src/stm32f4xx_fmc.o
LOAD StdPeriph_Driver/src/stm32f4xx_fmip2c.o
LOAD StdPeriph_Driver/src/stm32f4xx_fsmc.o
LOAD StdPeriph_Driver/src/stm32f4xx_gpio.o
LOAD StdPeriph_Driver/src/stm32f4xx_hash.o
LOAD StdPeriph_Driver/src/stm32f4xx_hash_md5.o
LOAD StdPeriph_Driver/src/stm32f4xx_hash_sha1.o
LOAD StdPeriph_Driver/src/stm32f4xx_i2c.o
LOAD StdPeriph_Driver/src/stm32f4xx_iwdg.o
LOAD StdPeriph_Driver/src/stm32f4xx_lptim.o
LOAD StdPeriph_Driver/src/stm32f4xx_ltdc.o
LOAD StdPeriph_Driver/src/stm32f4xx_pwr.o
LOAD StdPeriph_Driver/src/stm32f4xx_qspi.o
LOAD StdPeriph_Driver/src/stm32f4xx_rcc.o
LOAD StdPeriph_Driver/src/stm32f4xx_rng.o
LOAD StdPeriph_Driver/src/stm32f4xx_rtc.o
LOAD StdPeriph_Driver/src/stm32f4xx_sai.o
LOAD StdPeriph_Driver/src/stm32f4xx_sdio.o
LOAD StdPeriph_Driver/src/stm32f4xx_spdifrx.o
LOAD StdPeriph_Driver/src/stm32f4xx_spi.o
LOAD StdPeriph_Driver/src/stm32f4xx_syscfg.o
LOAD StdPeriph_Driver/src/stm32f4xx_tim.o
LOAD StdPeriph_Driver/src/stm32f4xx_usart.o
LOAD StdPeriph_Driver/src/stm32f4xx_wwdg.o
LOAD Third-Party/FreeRTOS/org/Source/croutine.o
LOAD Third-Party/FreeRTOS/org/Source/event_groups.o
LOAD Third-Party/FreeRTOS/org/Source/list.o
LOAD Third-Party/FreeRTOS/org/Source/queue.o
LOAD Third-Party/FreeRTOS/org/Source/stream_buffer.o
LOAD Third-Party/FreeRTOS/org/Source/tasks.o
LOAD Third-Party/FreeRTOS/org/Source/timers.o
LOAD Third-Party/FreeRTOS/org/Source/portable/GCC/ARM_CM4F/port.o
LOAD Third-Party/FreeRTOS/org/Source/portable/MemMang/heap_4.o
LOAD src/main.o
LOAD src/system_stm32f4xx.o
LOAD startup/startup_stm32.o
LOAD /home/ankit/Ac6/SystemWorkbench/plugins/fr.ac6.mcu.externaltools.arm-none.linux64_1.17.0.201812190825/tools/compiler/bin/../lib/gcc/arm-none-eabi/7.3.1/../../../../arm-none-eabi/lib/thumb/v7e-m/fpv4-sp/hard/libm.a
START GROUP
LOAD /home/ankit/Ac6/SystemWorkbench/plugins/fr.ac6.mcu.externaltools.arm-none.linux64_1.17.0.201812190825/tools/compiler/bin/../lib/gcc/arm-none-eabi/7.3.1/thumb/v7e-m/fpv4-sp/hard/libgcc.a
LOAD /home/ankit/Ac6/SystemWorkbench/plugins/fr.ac6.mcu.externaltools.arm-none.linux64_1.17.0.201812190825/tools/compiler/bin/../lib/gcc/arm-none-eabi/7.3.1/../../../../arm-none-eabi/lib/thumb/v7e-m/fpv4-sp/hard/libc.a
END GROUP
START GROUP
LOAD /home/ankit/Ac6/SystemWorkbench/plugins/fr.ac6.mcu.externaltools.arm-none.linux64_1.17.0.201812190825/tools/compiler/bin/../lib/gcc/arm-none-eabi/7.3.1/thumb/v7e-m/fpv4-sp/hard/libgcc.a
LOAD /home/ankit/Ac6/SystemWorkbench/plugins/fr.ac6.mcu.externaltools.arm-none.linux64_1.17.0.201812190825/tools/compiler/bin/../lib/gcc/arm-none-eabi/7.3.1/../../../../arm-none-eabi/lib/thumb/v7e-m/fpv4-sp/hard/libc.a
LOAD /home/ankit/Ac6/SystemWorkbench/plugins/fr.ac6.mcu.externaltools.arm-none.linux64_1.17.0.201812190825/tools/compiler/bin/../lib/gcc/arm-none-eabi/7.3.1/../../../../arm-none-eabi/lib/thumb/v7e-m/fpv4-sp/hard/librdimon.a
END GROUP
LOAD /home/ankit/Ac6/SystemWorkbench/plugins/fr.ac6.mcu.externaltools.arm-none.linux64_1.17.0.201812190825/tools/compiler/bin/../lib/gcc/arm-none-eabi/7.3.1/thumb/v7e-m/fpv4-sp/hard/crtend.o
LOAD /home/ankit/Ac6/SystemWorkbench/plugins/fr.ac6.mcu.externaltools.arm-none.linux64_1.17.0.201812190825/tools/compiler/bin/../lib/gcc/arm-none-eabi/7.3.1/thumb/v7e-m/fpv4-sp/hard/crtn.o
                0x0000000020020000                _estack = 0x20020000
                0x0000000000000000                _Min_Heap_Size = 0x0
                0x0000000000000400                _Min_Stack_Size = 0x400

.isr_vector     0x0000000008000000      0x1c4
                0x0000000008000000                . = ALIGN (0x4)
 *(.isr_vector)
 .isr_vector    0x0000000008000000      0x1c4 startup/startup_stm32.o
                0x0000000008000000                g_pfnVectors
                0x00000000080001c4                . = ALIGN (0x4)

.text           0x0000000008000200     0x3498
                0x0000000008000200                . = ALIGN (0x4)
 *(.text)
 .text          0x0000000008000200       0x40 /home/ankit/Ac6/SystemWorkbench/plugins/fr.ac6.mcu.externaltools.arm-none.linux64_1.17.0.201812190825/tools/compiler/bin/../lib/gcc/arm-none-eabi/7.3.1/thumb/v7e-m/fpv4-sp/hard/crtbegin.o
 .text          0x0000000008000240      0x134 /home/ankit/Ac6/SystemWorkbench/plugins/fr.ac6.mcu.externaltools.arm-none.linux64_1.17.0.201812190825/tools/compiler/bin/../lib/gcc/arm-none-eabi/7.3.1/../../../../arm-none-eabi/lib/thumb/v7e-m/fpv4-sp/hard/libc.a(lib_a-memcpy.o)
                0x0000000008000240                memcpy
 *fill*         0x0000000008000374        0xc 
 .text          0x0000000008000380       0xdc /home/ankit/Ac6/SystemWorkbench/plugins/fr.ac6.mcu.externaltools.arm-none.linux64_1.17.0.201812190825/tools/compiler/bin/../lib/gcc/arm-none-eabi/7.3.1/../../../../arm-none-eabi/lib/thumb/v7e-m/fpv4-sp/hard/libc.a(lib_a-strlen.o)
                0x0000000008000380                strlen
 *(.text*)
 .text.__libc_init_array
                0x000000000800045c       0x48 /home/ankit/Ac6/SystemWorkbench/plugins/fr.ac6.mcu.externaltools.arm-none.linux64_1.17.0.201812190825/tools/compiler/bin/../lib/gcc/arm-none-eabi/7.3.1/../../../../arm-none-eabi/lib/thumb/v7e-m/fpv4-sp/hard/libc.a(lib_a-init.o)
                0x000000000800045c                __libc_init_array
 .text.memset   0x00000000080004a4       0x94 /home/ankit/Ac6/SystemWorkbench/plugins/fr.ac6.mcu.externaltools.arm-none.linux64_1.17.0.201812190825/tools/compiler/bin/../lib/gcc/arm-none-eabi/7.3.1/../../../../arm-none-eabi/lib/thumb/v7e-m/fpv4-sp/hard/libc.a(lib_a-memset.o)
                0x00000000080004a4                memset
 .text.startup.register_fini
                0x0000000008000538       0x14 /home/ankit/Ac6/SystemWorkbench/plugins/fr.ac6.mcu.externaltools.arm-none.linux64_1.17.0.201812190825/tools/compiler/bin/../lib/gcc/arm-none-eabi/7.3.1/../../../../arm-none-eabi/lib/thumb/v7e-m/fpv4-sp/hard/libc.a(lib_a-__call_atexit.o)
 .text.atexit   0x000000000800054c        0xc /home/ankit/Ac6/SystemWorkbench/plugins/fr.ac6.mcu.externaltools.arm-none.linux64_1.17.0.201812190825/tools/compiler/bin/../lib/gcc/arm-none-eabi/7.3.1/../../../../arm-none-eabi/lib/thumb/v7e-m/fpv4-sp/hard/libc.a(lib_a-atexit.o)
                0x000000000800054c                atexit
 .text.__libc_fini_array
                0x0000000008000558       0x34 /home/ankit/Ac6/SystemWorkbench/plugins/fr.ac6.mcu.externaltools.arm-none.linux64_1.17.0.201812190825/tools/compiler/bin/../lib/gcc/arm-none-eabi/7.3.1/../../../../arm-none-eabi/lib/thumb/v7e-m/fpv4-sp/hard/libc.a(lib_a-fini.o)
                0x0000000008000558                __libc_fini_array
 .text.__retarget_lock_acquire_recursive
                0x000000000800058c        0x4 /home/ankit/Ac6/SystemWorkbench/plugins/fr.ac6.mcu.externaltools.arm-none.linux64_1.17.0.201812190825/tools/compiler/bin/../lib/gcc/arm-none-eabi/7.3.1/../../../../arm-none-eabi/lib/thumb/v7e-m/fpv4-sp/hard/libc.a(lib_a-lock.o)
                0x000000000800058c                __retarget_lock_acquire_recursive
 .text.__retarget_lock_release_recursive
                0x0000000008000590        0x4 /home/ankit/Ac6/SystemWorkbench/plugins/fr.ac6.mcu.externaltools.arm-none.linux64_1.17.0.201812190825/tools/compiler/bin/../lib/gcc/arm-none-eabi/7.3.1/../../../../arm-none-eabi/lib/thumb/v7e-m/fpv4-sp/hard/libc.a(lib_a-lock.o)
                0x0000000008000590                __retarget_lock_release_recursive
 .text.__register_exitproc
                0x0000000008000594       0xc0 /home/ankit/Ac6/SystemWorkbench/plugins/fr.ac6.mcu.externaltools.arm-none.linux64_1.17.0.201812190825/tools/compiler/bin/../lib/gcc/arm-none-eabi/7.3.1/../../../../arm-none-eabi/lib/thumb/v7e-m/fpv4-sp/hard/libc.a(lib_a-__atexit.o)
                0x0000000008000594                __register_exitproc
 .text.GPIO_Init
                0x0000000008000654      0x11c StdPeriph_Driver/src/stm32f4xx_gpio.o
                0x0000000008000654                GPIO_Init
 .text.GPIO_PinAFConfig
                0x0000000008000770       0x92 StdPeriph_Driver/src/stm32f4xx_gpio.o
                0x0000000008000770                GPIO_PinAFConfig
 *fill*         0x0000000008000802        0x2 
 .text.RCC_DeInit
                0x0000000008000804       0x70 StdPeriph_Driver/src/stm32f4xx_rcc.o
                0x0000000008000804                RCC_DeInit
 .text.RCC_GetClocksFreq
                0x0000000008000874      0x150 StdPeriph_Driver/src/stm32f4xx_rcc.o
                0x0000000008000874                RCC_GetClocksFreq
 .text.RCC_AHB1PeriphClockCmd
                0x00000000080009c4       0x40 StdPeriph_Driver/src/stm32f4xx_rcc.o
                0x00000000080009c4                RCC_AHB1PeriphClockCmd
 .text.RCC_APB1PeriphClockCmd
                0x0000000008000a04       0x40 StdPeriph_Driver/src/stm32f4xx_rcc.o
                0x0000000008000a04                RCC_APB1PeriphClockCmd
 .text.USART_Init
                0x0000000008000a44      0x174 StdPeriph_Driver/src/stm32f4xx_usart.o
                0x0000000008000a44                USART_Init
 .text.USART_Cmd
                0x0000000008000bb8       0x40 StdPeriph_Driver/src/stm32f4xx_usart.o
                0x0000000008000bb8                USART_Cmd
 .text.USART_SendData
                0x0000000008000bf8       0x24 StdPeriph_Driver/src/stm32f4xx_usart.o
                0x0000000008000bf8                USART_SendData
 .text.USART_GetFlagStatus
                0x0000000008000c1c       0x38 StdPeriph_Driver/src/stm32f4xx_usart.o
                0x0000000008000c1c                USART_GetFlagStatus
 .text.vListInitialise
                0x0000000008000c54       0x40 Third-Party/FreeRTOS/org/Source/list.o
                0x0000000008000c54                vListInitialise
 .text.vListInitialiseItem
                0x0000000008000c94       0x1a Third-Party/FreeRTOS/org/Source/list.o
                0x0000000008000c94                vListInitialiseItem
 .text.vListInsertEnd
                0x0000000008000cae       0x48 Third-Party/FreeRTOS/org/Source/list.o
                0x0000000008000cae                vListInsertEnd
 .text.vListInsert
                0x0000000008000cf6       0x72 Third-Party/FreeRTOS/org/Source/list.o
                0x0000000008000cf6                vListInsert
 .text.uxListRemove
                0x0000000008000d68       0x54 Third-Party/FreeRTOS/org/Source/list.o
                0x0000000008000d68                uxListRemove
 .text.xQueueGenericReset
                0x0000000008000dbc       0xd0 Third-Party/FreeRTOS/org/Source/queue.o
                0x0000000008000dbc                xQueueGenericReset
 .text.xQueueGenericCreate
                0x0000000008000e8c       0x6a Third-Party/FreeRTOS/org/Source/queue.o
                0x0000000008000e8c                xQueueGenericCreate
 .text.prvInitialiseNewQueue
                0x0000000008000ef6       0x46 Third-Party/FreeRTOS/org/Source/queue.o
 .text.xQueueGenericSend
                0x0000000008000f3c      0x1f4 Third-Party/FreeRTOS/org/Source/queue.o
                0x0000000008000f3c                xQueueGenericSend
 .text.xQueueGenericSendFromISR
                0x0000000008001130      0x12e Third-Party/FreeRTOS/org/Source/queue.o
                0x0000000008001130                xQueueGenericSendFromISR
 *fill*         0x000000000800125e        0x2 
 .text.xQueueReceive
                0x0000000008001260      0x1b8 Third-Party/FreeRTOS/org/Source/queue.o
                0x0000000008001260                xQueueReceive
 .text.prvCopyDataToQueue
                0x0000000008001418       0xd4 Third-Party/FreeRTOS/org/Source/queue.o
 .text.prvCopyDataFromQueue
                0x00000000080014ec       0x4c Third-Party/FreeRTOS/org/Source/queue.o
 .text.prvUnlockQueue
                0x0000000008001538       0xa4 Third-Party/FreeRTOS/org/Source/queue.o
 .text.prvIsQueueEmpty
                0x00000000080015dc       0x2c Third-Party/FreeRTOS/org/Source/queue.o
 .text.prvIsQueueFull
                0x0000000008001608       0x30 Third-Party/FreeRTOS/org/Source/queue.o
 .text.vQueueAddToRegistry
                0x0000000008001638       0x50 Third-Party/FreeRTOS/org/Source/queue.o
                0x0000000008001638                vQueueAddToRegistry
 .text.vQueueWaitForMessageRestricted
                0x0000000008001688       0x68 Third-Party/FreeRTOS/org/Source/queue.o
                0x0000000008001688                vQueueWaitForMessageRestricted
 .text.xTaskCreate
                0x00000000080016f0       0x82 Third-Party/FreeRTOS/org/Source/tasks.o
                0x00000000080016f0                xTaskCreate
 .text.prvInitialiseNewTask
                0x0000000008001772      0x11c Third-Party/FreeRTOS/org/Source/tasks.o
 *fill*         0x000000000800188e        0x2 
 .text.prvAddNewTaskToReadyList
                0x0000000008001890       0xdc Third-Party/FreeRTOS/org/Source/tasks.o
 .text.vTaskStartScheduler
                0x000000000800196c       0x98 Third-Party/FreeRTOS/org/Source/tasks.o
                0x000000000800196c                vTaskStartScheduler
 .text.vTaskSuspendAll
                0x0000000008001a04       0x1c Third-Party/FreeRTOS/org/Source/tasks.o
                0x0000000008001a04                vTaskSuspendAll
 .text.xTaskResumeAll
                0x0000000008001a20      0x138 Third-Party/FreeRTOS/org/Source/tasks.o
                0x0000000008001a20                xTaskResumeAll
 .text.xTaskGetTickCount
                0x0000000008001b58       0x20 Third-Party/FreeRTOS/org/Source/tasks.o
                0x0000000008001b58                xTaskGetTickCount
 .text.xTaskIncrementTick
                0x0000000008001b78      0x170 Third-Party/FreeRTOS/org/Source/tasks.o
                0x0000000008001b78                xTaskIncrementTick
 .text.vTaskSwitchContext
                0x0000000008001ce8       0xb4 Third-Party/FreeRTOS/org/Source/tasks.o
                0x0000000008001ce8                vTaskSwitchContext
 .text.vTaskPlaceOnEventList
                0x0000000008001d9c       0x48 Third-Party/FreeRTOS/org/Source/tasks.o
                0x0000000008001d9c                vTaskPlaceOnEventList
 .text.vTaskPlaceOnEventListRestricted
                0x0000000008001de4       0x54 Third-Party/FreeRTOS/org/Source/tasks.o
                0x0000000008001de4                vTaskPlaceOnEventListRestricted
 .text.xTaskRemoveFromEventList
                0x0000000008001e38       0xc4 Third-Party/FreeRTOS/org/Source/tasks.o
                0x0000000008001e38                xTaskRemoveFromEventList
 .text.vTaskInternalSetTimeOutState
                0x0000000008001efc       0x2c Third-Party/FreeRTOS/org/Source/tasks.o
                0x0000000008001efc                vTaskInternalSetTimeOutState
 .text.xTaskCheckForTimeOut
                0x0000000008001f28       0xc0 Third-Party/FreeRTOS/org/Source/tasks.o
                0x0000000008001f28                xTaskCheckForTimeOut
 .text.vTaskMissedYield
                0x0000000008001fe8       0x18 Third-Party/FreeRTOS/org/Source/tasks.o
                0x0000000008001fe8                vTaskMissedYield
 .text.prvIdleTask
                0x0000000008002000       0x30 Third-Party/FreeRTOS/org/Source/tasks.o
 .text.prvInitialiseTaskLists
                0x0000000008002030       0x80 Third-Party/FreeRTOS/org/Source/tasks.o
 .text.prvCheckTasksWaitingTermination
                0x00000000080020b0       0x58 Third-Party/FreeRTOS/org/Source/tasks.o
 .text.prvDeleteTCB
                0x0000000008002108       0x20 Third-Party/FreeRTOS/org/Source/tasks.o
 .text.prvResetNextTaskUnblockTime
                0x0000000008002128       0x40 Third-Party/FreeRTOS/org/Source/tasks.o
 .text.xTaskGetSchedulerState
                0x0000000008002168       0x3c Third-Party/FreeRTOS/org/Source/tasks.o
                0x0000000008002168                xTaskGetSchedulerState
 .text.xTaskPriorityDisinherit
                0x00000000080021a4      0x108 Third-Party/FreeRTOS/org/Source/tasks.o
                0x00000000080021a4                xTaskPriorityDisinherit
 .text.prvAddCurrentTaskToDelayedList
                0x00000000080022ac       0xcc Third-Party/FreeRTOS/org/Source/tasks.o
 .text.xTimerCreateTimerTask
                0x0000000008002378       0x64 Third-Party/FreeRTOS/org/Source/timers.o
                0x0000000008002378                xTimerCreateTimerTask
 .text.xTimerGenericCommand
                0x00000000080023dc       0x98 Third-Party/FreeRTOS/org/Source/timers.o
                0x00000000080023dc                xTimerGenericCommand
 .text.prvProcessExpiredTimer
                0x0000000008002474       0x98 Third-Party/FreeRTOS/org/Source/timers.o
 .text.prvTimerTask
                0x000000000800250c       0x24 Third-Party/FreeRTOS/org/Source/timers.o
 .text.prvProcessTimerOrBlockTask
                0x0000000008002530       0x9c Third-Party/FreeRTOS/org/Source/timers.o
 .text.prvGetNextExpireTime
                0x00000000080025cc       0x48 Third-Party/FreeRTOS/org/Source/timers.o
 .text.prvSampleTimeNow
                0x0000000008002614       0x40 Third-Party/FreeRTOS/org/Source/timers.o
 .text.prvInsertTimerInActiveList
                0x0000000008002654       0x84 Third-Party/FreeRTOS/org/Source/timers.o
 .text.prvProcessReceivedCommands
                0x00000000080026d8      0x188 Third-Party/FreeRTOS/org/Source/timers.o
 .text.prvSwitchTimerLists
                0x0000000008002860       0xc8 Third-Party/FreeRTOS/org/Source/timers.o
 .text.prvCheckForValidListAndQueue
                0x0000000008002928       0x6c Third-Party/FreeRTOS/org/Source/timers.o
 .text.pxPortInitialiseStack
                0x0000000008002994       0x68 Third-Party/FreeRTOS/org/Source/portable/GCC/ARM_CM4F/port.o
                0x0000000008002994                pxPortInitialiseStack
 .text.prvTaskExitError
                0x00000000080029fc       0x54 Third-Party/FreeRTOS/org/Source/portable/GCC/ARM_CM4F/port.o
 .text.SVC_Handler
                0x0000000008002a50       0x28 Third-Party/FreeRTOS/org/Source/portable/GCC/ARM_CM4F/port.o
                0x0000000008002a50                SVC_Handler
 .text.prvPortStartFirstTask
                0x0000000008002a78       0x28 Third-Party/FreeRTOS/org/Source/portable/GCC/ARM_CM4F/port.o
 .text.xPortStartScheduler
                0x0000000008002aa0      0x13c Third-Party/FreeRTOS/org/Source/portable/GCC/ARM_CM4F/port.o
                0x0000000008002aa0                xPortStartScheduler
 .text.vPortEnterCritical
                0x0000000008002bdc       0x5c Third-Party/FreeRTOS/org/Source/portable/GCC/ARM_CM4F/port.o
                0x0000000008002bdc                vPortEnterCritical
 .text.vPortExitCritical
                0x0000000008002c38       0x50 Third-Party/FreeRTOS/org/Source/portable/GCC/ARM_CM4F/port.o
                0x0000000008002c38                vPortExitCritical
 *fill*         0x0000000008002c88        0x8 
 .text.PendSV_Handler
                0x0000000008002c90       0x68 Third-Party/FreeRTOS/org/Source/portable/GCC/ARM_CM4F/port.o
                0x0000000008002c90                PendSV_Handler
 .text.SysTick_Handler
                0x0000000008002cf8       0x40 Third-Party/FreeRTOS/org/Source/portable/GCC/ARM_CM4F/port.o
                0x0000000008002cf8                SysTick_Handler
 .text.vPortSetupTimerInterrupt
                0x0000000008002d38       0x48 Third-Party/FreeRTOS/org/Source/portable/GCC/ARM_CM4F/port.o
                0x0000000008002d38                vPortSetupTimerInterrupt
 .text.vPortEnableVFP
                0x0000000008002d80       0x14 Third-Party/FreeRTOS/org/Source/portable/GCC/ARM_CM4F/port.o
 .text.vPortValidateInterruptPriority
                0x0000000008002d94       0x7c Third-Party/FreeRTOS/org/Source/portable/GCC/ARM_CM4F/port.o
                0x0000000008002d94                vPortValidateInterruptPriority
 .text.pvPortMalloc
                0x0000000008002e10      0x190 Third-Party/FreeRTOS/org/Source/portable/MemMang/heap_4.o
                0x0000000008002e10                pvPortMalloc
 .text.vPortFree
                0x0000000008002fa0       0xc0 Third-Party/FreeRTOS/org/Source/portable/MemMang/heap_4.o
                0x0000000008002fa0                vPortFree
 .text.prvHeapInit
                0x0000000008003060       0xc4 Third-Party/FreeRTOS/org/Source/portable/MemMang/heap_4.o
 .text.prvInsertBlockIntoFreeList
                0x0000000008003124       0xb4 Third-Party/FreeRTOS/org/Source/portable/MemMang/heap_4.o
 .text.main     0x00000000080031d8       0x80 src/main.o
                0x00000000080031d8                main
 .text.vTask1_handler
                0x0000000008003258       0x40 src/main.o
                0x0000000008003258                vTask1_handler
 .text.vTask2_handler
                0x0000000008003298       0x40 src/main.o
                0x0000000008003298                vTask2_handler
 .text.prvSetupUART2
                0x00000000080032d8       0x9c src/main.o
 .text.prvSetupHardware
                0x0000000008003374        0xc src/main.o
 .text.printmsg
                0x0000000008003380       0x50 src/main.o
                0x0000000008003380                printmsg
 .text.SystemInit
                0x00000000080033d0       0x6c src/system_stm32f4xx.o
                0x00000000080033d0                SystemInit
 .text.SystemCoreClockUpdate
                0x000000000800343c       0xf8 src/system_stm32f4xx.o
                0x000000000800343c                SystemCoreClockUpdate
 .text.SetSysClock
                0x0000000008003534       0xf8 src/system_stm32f4xx.o
 .text.Reset_Handler
                0x000000000800362c       0x50 startup/startup_stm32.o
                0x000000000800362c                Reset_Handler
 .text.Default_Handler
                0x000000000800367c        0x2 startup/startup_stm32.o
                0x000000000800367c                RTC_Alarm_IRQHandler
                0x000000000800367c                EXTI2_IRQHandler
                0x000000000800367c                TIM8_CC_IRQHandler
                0x000000000800367c                SPDIF_Rx_IRQHandler
                0x000000000800367c                DebugMon_Handler
                0x000000000800367c                SPI4_IRQHandler
                0x000000000800367c                TIM1_CC_IRQHandler
                0x000000000800367c                QuadSPI_IRQHandler
                0x000000000800367c                DMA2_Stream5_IRQHandler
                0x000000000800367c                HardFault_Handler
                0x000000000800367c                DMA1_Stream5_IRQHandler
                0x000000000800367c                PVD_IRQHandler
                0x000000000800367c                SDIO_IRQHandler
                0x000000000800367c                TAMP_STAMP_IRQHandler
                0x000000000800367c                NMI_Handler
                0x000000000800367c                CAN2_RX1_IRQHandler
                0x000000000800367c                EXTI3_IRQHandler
                0x000000000800367c                TIM8_TRG_COM_TIM14_IRQHandler
                0x000000000800367c                TIM1_UP_TIM10_IRQHandler
                0x000000000800367c                FMPI2C1_error_IRQHandler
                0x000000000800367c                TIM8_UP_TIM13_IRQHandler
                0x000000000800367c                I2C3_ER_IRQHandler
                0x000000000800367c                EXTI0_IRQHandler
                0x000000000800367c                I2C2_EV_IRQHandler
                0x000000000800367c                DMA1_Stream2_IRQHandler
                0x000000000800367c                CAN1_RX0_IRQHandler
                0x000000000800367c                FPU_IRQHandler
                0x000000000800367c                OTG_HS_WKUP_IRQHandler
                0x000000000800367c                UsageFault_Handler
                0x000000000800367c                CAN2_SCE_IRQHandler
                0x000000000800367c                DMA2_Stream2_IRQHandler
                0x000000000800367c                SPI1_IRQHandler
                0x000000000800367c                TIM6_DAC_IRQHandler
                0x000000000800367c                TIM1_BRK_TIM9_IRQHandler
                0x000000000800367c                DCMI_IRQHandler
                0x000000000800367c                CAN2_RX0_IRQHandler
                0x000000000800367c                DMA2_Stream3_IRQHandler
                0x000000000800367c                FMPI2C1_IRQHandler
                0x000000000800367c                SAI2_IRQHandler
                0x000000000800367c                USART6_IRQHandler
                0x000000000800367c                USART3_IRQHandler
                0x000000000800367c                CAN1_RX1_IRQHandler
                0x000000000800367c                UART5_IRQHandler
                0x000000000800367c                DMA2_Stream0_IRQHandler
                0x000000000800367c                TIM4_IRQHandler
                0x000000000800367c                I2C1_EV_IRQHandler
                0x000000000800367c                HDMI_CEC_IRQHandler
                0x000000000800367c                DMA1_Stream6_IRQHandler
                0x000000000800367c                DMA1_Stream1_IRQHandler
                0x000000000800367c                UART4_IRQHandler
                0x000000000800367c                TIM3_IRQHandler
                0x000000000800367c                RCC_IRQHandler
                0x000000000800367c                TIM8_BRK_TIM12_IRQHandler
                0x000000000800367c                Default_Handler
                0x000000000800367c                EXTI15_10_IRQHandler
                0x000000000800367c                ADC_IRQHandler
                0x000000000800367c                DMA1_Stream7_IRQHandler
                0x000000000800367c                TIM7_IRQHandler
                0x000000000800367c                CAN2_TX_IRQHandler
                0x000000000800367c                TIM5_IRQHandler
                0x000000000800367c                DMA2_Stream7_IRQHandler
                0x000000000800367c                I2C3_EV_IRQHandler
                0x000000000800367c                EXTI9_5_IRQHandler
                0x000000000800367c                RTC_WKUP_IRQHandler
                0x000000000800367c                SPI2_IRQHandler
                0x000000000800367c                OTG_HS_EP1_IN_IRQHandler
                0x000000000800367c                MemManage_Handler
                0x000000000800367c                DMA1_Stream0_IRQHandler
                0x000000000800367c                CAN1_TX_IRQHandler
                0x000000000800367c                EXTI4_IRQHandler
                0x000000000800367c                OTG_HS_EP1_OUT_IRQHandler
                0x000000000800367c                WWDG_IRQHandler
                0x000000000800367c                TIM2_IRQHandler
                0x000000000800367c                OTG_FS_WKUP_IRQHandler
                0x000000000800367c                TIM1_TRG_COM_TIM11_IRQHandler
                0x000000000800367c                OTG_HS_IRQHandler
                0x000000000800367c                EXTI1_IRQHandler
                0x000000000800367c                USART2_IRQHandler
                0x000000000800367c                I2C2_ER_IRQHandler
                0x000000000800367c                DMA2_Stream1_IRQHandler
                0x000000000800367c                CAN1_SCE_IRQHandler
                0x000000000800367c                FLASH_IRQHandler
                0x000000000800367c                DMA2_Stream4_IRQHandler
                0x000000000800367c                BusFault_Handler
                0x000000000800367c                USART1_IRQHandler
                0x000000000800367c                OTG_FS_IRQHandler
                0x000000000800367c                SPI3_IRQHandler
                0x000000000800367c                DMA1_Stream4_IRQHandler
                0x000000000800367c                I2C1_ER_IRQHandler
                0x000000000800367c                FMC_IRQHandler
                0x000000000800367c                DMA2_Stream6_IRQHandler
                0x000000000800367c                SAI1_IRQHandler
                0x000000000800367c                DMA1_Stream3_IRQHandler
 *(.glue_7)
 .glue_7        0x000000000800367e        0x0 linker stubs
 *(.glue_7t)
 .glue_7t       0x000000000800367e        0x0 linker stubs
 *(.eh_frame)
 *fill*         0x000000000800367e        0x2 
 .eh_frame      0x0000000008003680        0x0 /home/ankit/Ac6/SystemWorkbench/plugins/fr.ac6.mcu.externaltools.arm-none.linux64_1.17.0.201812190825/tools/compiler/bin/../lib/gcc/arm-none-eabi/7.3.1/thumb/v7e-m/fpv4-sp/hard/crtbegin.o
 *(.init)
 .init          0x0000000008003680        0x4 /home/ankit/Ac6/SystemWorkbench/plugins/fr.ac6.mcu.externaltools.arm-none.linux64_1.17.0.201812190825/tools/compiler/bin/../lib/gcc/arm-none-eabi/7.3.1/thumb/v7e-m/fpv4-sp/hard/crti.o
                0x0000000008003680                _init
 .init          0x0000000008003684        0x8 /home/ankit/Ac6/SystemWorkbench/plugins/fr.ac6.mcu.externaltools.arm-none.linux64_1.17.0.201812190825/tools/compiler/bin/../lib/gcc/arm-none-eabi/7.3.1/thumb/v7e-m/fpv4-sp/hard/crtn.o
 *(.fini)
 .fini          0x000000000800368c        0x4 /home/ankit/Ac6/SystemWorkbench/plugins/fr.ac6.mcu.externaltools.arm-none.linux64_1.17.0.201812190825/tools/compiler/bin/../lib/gcc/arm-none-eabi/7.3.1/thumb/v7e-m/fpv4-sp/hard/crti.o
                0x000000000800368c                _fini
 .fini          0x0000000008003690        0x8 /home/ankit/Ac6/SystemWorkbench/plugins/fr.ac6.mcu.externaltools.arm-none.linux64_1.17.0.201812190825/tools/compiler/bin/../lib/gcc/arm-none-eabi/7.3.1/thumb/v7e-m/fpv4-sp/hard/crtn.o
                0x0000000008003698                . = ALIGN (0x4)
                0x0000000008003698                _etext = .

.vfp11_veneer   0x0000000008003698        0x0
 .vfp11_veneer  0x0000000008003698        0x0 linker stubs

.v4_bx          0x0000000008003698        0x0
 .v4_bx         0x0000000008003698        0x0 linker stubs

.iplt           0x0000000008003698        0x0
 .iplt          0x0000000008003698        0x0 /home/ankit/Ac6/SystemWorkbench/plugins/fr.ac6.mcu.externaltools.arm-none.linux64_1.17.0.201812190825/tools/compiler/bin/../lib/gcc/arm-none-eabi/7.3.1/thumb/v7e-m/fpv4-sp/hard/crtbegin.o

.rodata         0x0000000008003698       0xa4
                0x0000000008003698                . = ALIGN (0x4)
 *(.rodata)
 .rodata        0x0000000008003698        0x5 Third-Party/FreeRTOS/org/Source/tasks.o
 *fill*         0x000000000800369d        0x3 
 .rodata        0x00000000080036a0        0xd Third-Party/FreeRTOS/org/Source/timers.o
 *fill*         0x00000000080036ad        0x3 
 .rodata        0x00000000080036b0       0x86 src/main.o
 *(.rodata*)
 *fill*         0x0000000008003736        0x2 
 .rodata._global_impure_ptr
                0x0000000008003738        0x4 /home/ankit/Ac6/SystemWorkbench/plugins/fr.ac6.mcu.externaltools.arm-none.linux64_1.17.0.201812190825/tools/compiler/bin/../lib/gcc/arm-none-eabi/7.3.1/../../../../arm-none-eabi/lib/thumb/v7e-m/fpv4-sp/hard/libc.a(lib_a-impure.o)
                0x0000000008003738                _global_impure_ptr
                0x000000000800373c                . = ALIGN (0x4)

.rel.dyn        0x000000000800373c        0x0
 .rel.iplt      0x000000000800373c        0x0 /home/ankit/Ac6/SystemWorkbench/plugins/fr.ac6.mcu.externaltools.arm-none.linux64_1.17.0.201812190825/tools/compiler/bin/../lib/gcc/arm-none-eabi/7.3.1/thumb/v7e-m/fpv4-sp/hard/crtbegin.o

.ARM.extab      0x000000000800373c        0x0
                0x000000000800373c                . = ALIGN (0x4)
 *(.ARM.extab* .gnu.linkonce.armextab.*)
                0x000000000800373c                . = ALIGN (0x4)

.ARM            0x000000000800373c        0x0
                0x000000000800373c                . = ALIGN (0x4)
                0x000000000800373c                __exidx_start = .
 *(.ARM.exidx*)
                0x000000000800373c                __exidx_end = .
                0x000000000800373c                . = ALIGN (0x4)

.preinit_array  0x000000000800373c        0x0
                0x000000000800373c                . = ALIGN (0x4)
                0x000000000800373c                PROVIDE (__preinit_array_start = .)
 *(.preinit_array*)
                0x000000000800373c                PROVIDE (__preinit_array_end = .)
                0x000000000800373c                . = ALIGN (0x4)

.init_array     0x000000000800373c        0x8
                0x000000000800373c                . = ALIGN (0x4)
                0x000000000800373c                PROVIDE (__init_array_start = .)
 *(SORT_BY_NAME(.init_array.*))
 .init_array.00000
                0x000000000800373c        0x4 /home/ankit/Ac6/SystemWorkbench/plugins/fr.ac6.mcu.externaltools.arm-none.linux64_1.17.0.201812190825/tools/compiler/bin/../lib/gcc/arm-none-eabi/7.3.1/../../../../arm-none-eabi/lib/thumb/v7e-m/fpv4-sp/hard/libc.a(lib_a-__call_atexit.o)
 *(.init_array*)
 .init_array    0x0000000008003740        0x4 /home/ankit/Ac6/SystemWorkbench/plugins/fr.ac6.mcu.externaltools.arm-none.linux64_1.17.0.201812190825/tools/compiler/bin/../lib/gcc/arm-none-eabi/7.3.1/thumb/v7e-m/fpv4-sp/hard/crtbegin.o
                0x0000000008003744                PROVIDE (__init_array_end = .)
                0x0000000008003744                . = ALIGN (0x4)

.fini_array     0x0000000008003744        0x4
                0x0000000008003744                . = ALIGN (0x4)
                0x0000000008003744                PROVIDE (__fini_array_start = .)
 *(SORT_BY_NAME(.fini_array.*))
 *(.fini_array*)
 .fini_array    0x0000000008003744        0x4 /home/ankit/Ac6/SystemWorkbench/plugins/fr.ac6.mcu.externaltools.arm-none.linux64_1.17.0.201812190825/tools/compiler/bin/../lib/gcc/arm-none-eabi/7.3.1/thumb/v7e-m/fpv4-sp/hard/crtbegin.o
                0x0000000008003748                PROVIDE (__fini_array_end = .)
                0x0000000008003748                . = ALIGN (0x4)
                0x0000000008003748                _sidata = LOADADDR (.data)

.data           0x0000000020000000      0x45c load address 0x0000000008003748
                0x0000000020000000                . = ALIGN (0x4)
                0x0000000020000000                _sdata = .
 *(.data)
 .data          0x0000000020000000       0x10 StdPeriph_Driver/src/stm32f4xx_rcc.o
 .data          0x0000000020000010        0x4 Third-Party/FreeRTOS/org/Source/portable/GCC/ARM_CM4F/port.o
 .data          0x0000000020000014        0x1 src/main.o
                0x0000000020000014                UART_ACCESS_KEY
 *fill*         0x0000000020000015        0x3 
 .data          0x0000000020000018       0x14 src/system_stm32f4xx.o
                0x0000000020000018                SystemCoreClock
                0x000000002000001c                AHBPrescTable
 *(.data*)
 *fill*         0x000000002000002c        0x4 
 .data.impure_data
                0x0000000020000030      0x428 /home/ankit/Ac6/SystemWorkbench/plugins/fr.ac6.mcu.externaltools.arm-none.linux64_1.17.0.201812190825/tools/compiler/bin/../lib/gcc/arm-none-eabi/7.3.1/../../../../arm-none-eabi/lib/thumb/v7e-m/fpv4-sp/hard/libc.a(lib_a-impure.o)
 .data.__atexit_recursive_mutex
                0x0000000020000458        0x4 /home/ankit/Ac6/SystemWorkbench/plugins/fr.ac6.mcu.externaltools.arm-none.linux64_1.17.0.201812190825/tools/compiler/bin/../lib/gcc/arm-none-eabi/7.3.1/../../../../arm-none-eabi/lib/thumb/v7e-m/fpv4-sp/hard/libc.a(lib_a-__call_atexit.o)
                0x0000000020000458                __atexit_recursive_mutex
                0x000000002000045c                . = ALIGN (0x4)
                0x000000002000045c                _edata = .

.igot.plt       0x000000002000045c        0x0 load address 0x0000000008003ba4
 .igot.plt      0x000000002000045c        0x0 /home/ankit/Ac6/SystemWorkbench/plugins/fr.ac6.mcu.externaltools.arm-none.linux64_1.17.0.201812190825/tools/compiler/bin/../lib/gcc/arm-none-eabi/7.3.1/thumb/v7e-m/fpv4-sp/hard/crtbegin.o
                0x000000002000045c                . = ALIGN (0x4)

.bss            0x000000002000045c    0x12eec load address 0x0000000008003ba4
                0x000000002000045c                _sbss = .
                0x000000002000045c                __bss_start__ = _sbss
 *(.bss)
 .bss           0x000000002000045c       0x1c /home/ankit/Ac6/SystemWorkbench/plugins/fr.ac6.mcu.externaltools.arm-none.linux64_1.17.0.201812190825/tools/compiler/bin/../lib/gcc/arm-none-eabi/7.3.1/thumb/v7e-m/fpv4-sp/hard/crtbegin.o
 .bss           0x0000000020000478      0x104 Third-Party/FreeRTOS/org/Source/tasks.o
                0x0000000020000478                pxCurrentTCB
 .bss           0x000000002000057c       0x3c Third-Party/FreeRTOS/org/Source/timers.o
 .bss           0x00000000200005b8        0x8 Third-Party/FreeRTOS/org/Source/portable/GCC/ARM_CM4F/port.o
 .bss           0x00000000200005c0    0x12c20 Third-Party/FreeRTOS/org/Source/portable/MemMang/heap_4.o
 .bss           0x00000000200131e0      0x104 src/main.o
                0x00000000200131e0                usr_msg
                0x00000000200132dc                xTaskHandle1
                0x00000000200132e0                xTaskHandle2
 *(.bss*)
 *(COMMON)
 COMMON         0x00000000200132e4       0x21 /home/ankit/Ac6/SystemWorkbench/plugins/fr.ac6.mcu.externaltools.arm-none.linux64_1.17.0.201812190825/tools/compiler/bin/../lib/gcc/arm-none-eabi/7.3.1/../../../../arm-none-eabi/lib/thumb/v7e-m/fpv4-sp/hard/libc.a(lib_a-lock.o)
                0x00000000200132e4                __lock___atexit_recursive_mutex
                0x00000000200132e8                __lock___arc4random_mutex
                0x00000000200132ec                __lock___env_recursive_mutex
                0x00000000200132f0                __lock___sinit_recursive_mutex
                0x00000000200132f4                __lock___malloc_recursive_mutex
                0x00000000200132f8                __lock___at_quick_exit_mutex
                0x00000000200132fc                __lock___dd_hash_mutex
                0x0000000020013300                __lock___tz_mutex
                0x0000000020013304                __lock___sfp_recursive_mutex
 *fill*         0x0000000020013305        0x3 
 COMMON         0x0000000020013308       0x40 Third-Party/FreeRTOS/org/Source/queue.o
                0x0000000020013308                xQueueRegistry
                0x0000000020013348                . = ALIGN (0x4)
                0x0000000020013348                _ebss = .
                0x0000000020013348                __bss_end__ = _ebss

._user_heap_stack
                0x0000000020013348      0x400 load address 0x0000000008003ba4
                0x0000000020013348                . = ALIGN (0x8)
                0x0000000020013348                PROVIDE (end = .)
                [!provide]                        PROVIDE (_end = .)
                0x0000000020013348                . = (. + _Min_Heap_Size)
                0x0000000020013748                . = (. + _Min_Stack_Size)
 *fill*         0x0000000020013348      0x400 
                0x0000000020013748                . = ALIGN (0x8)

/DISCARD/
 libc.a(*)
 libm.a(*)
 libgcc.a(*)

.ARM.attributes
                0x0000000000000000       0x30
 *(.ARM.attributes)
 .ARM.attributes
                0x0000000000000000       0x22 /home/ankit/Ac6/SystemWorkbench/plugins/fr.ac6.mcu.externaltools.arm-none.linux64_1.17.0.201812190825/tools/compiler/bin/../lib/gcc/arm-none-eabi/7.3.1/thumb/v7e-m/fpv4-sp/hard/crti.o
 .ARM.attributes
                0x0000000000000022       0x34 /home/ankit/Ac6/SystemWorkbench/plugins/fr.ac6.mcu.externaltools.arm-none.linux64_1.17.0.201812190825/tools/compiler/bin/../lib/gcc/arm-none-eabi/7.3.1/thumb/v7e-m/fpv4-sp/hard/crtbegin.o
 .ARM.attributes
                0x0000000000000056       0x34 /home/ankit/Ac6/SystemWorkbench/plugins/fr.ac6.mcu.externaltools.arm-none.linux64_1.17.0.201812190825/tools/compiler/bin/../lib/gcc/arm-none-eabi/7.3.1/../../../../arm-none-eabi/lib/thumb/v7e-m/fpv4-sp/hard/libc.a(lib_a-impure.o)
 .ARM.attributes
                0x000000000000008a       0x34 /home/ankit/Ac6/SystemWorkbench/plugins/fr.ac6.mcu.externaltools.arm-none.linux64_1.17.0.201812190825/tools/compiler/bin/../lib/gcc/arm-none-eabi/7.3.1/../../../../arm-none-eabi/lib/thumb/v7e-m/fpv4-sp/hard/libc.a(lib_a-init.o)
 .ARM.attributes
                0x00000000000000be       0x34 /home/ankit/Ac6/SystemWorkbench/plugins/fr.ac6.mcu.externaltools.arm-none.linux64_1.17.0.201812190825/tools/compiler/bin/../lib/gcc/arm-none-eabi/7.3.1/../../../../arm-none-eabi/lib/thumb/v7e-m/fpv4-sp/hard/libc.a(lib_a-memset.o)
 .ARM.attributes
                0x00000000000000f2       0x34 /home/ankit/Ac6/SystemWorkbench/plugins/fr.ac6.mcu.externaltools.arm-none.linux64_1.17.0.201812190825/tools/compiler/bin/../lib/gcc/arm-none-eabi/7.3.1/../../../../arm-none-eabi/lib/thumb/v7e-m/fpv4-sp/hard/libc.a(lib_a-__call_atexit.o)
 .ARM.attributes
                0x0000000000000126       0x34 /home/ankit/Ac6/SystemWorkbench/plugins/fr.ac6.mcu.externaltools.arm-none.linux64_1.17.0.201812190825/tools/compiler/bin/../lib/gcc/arm-none-eabi/7.3.1/../../../../arm-none-eabi/lib/thumb/v7e-m/fpv4-sp/hard/libc.a(lib_a-atexit.o)
 .ARM.attributes
                0x000000000000015a       0x34 /home/ankit/Ac6/SystemWorkbench/plugins/fr.ac6.mcu.externaltools.arm-none.linux64_1.17.0.201812190825/tools/compiler/bin/../lib/gcc/arm-none-eabi/7.3.1/../../../../arm-none-eabi/lib/thumb/v7e-m/fpv4-sp/hard/libc.a(lib_a-fini.o)
 .ARM.attributes
                0x000000000000018e       0x34 /home/ankit/Ac6/SystemWorkbench/plugins/fr.ac6.mcu.externaltools.arm-none.linux64_1.17.0.201812190825/tools/compiler/bin/../lib/gcc/arm-none-eabi/7.3.1/../../../../arm-none-eabi/lib/thumb/v7e-m/fpv4-sp/hard/libc.a(lib_a-lock.o)
 .ARM.attributes
                0x00000000000001c2       0x34 /home/ankit/Ac6/SystemWorkbench/plugins/fr.ac6.mcu.externaltools.arm-none.linux64_1.17.0.201812190825/tools/compiler/bin/../lib/gcc/arm-none-eabi/7.3.1/../../../../arm-none-eabi/lib/thumb/v7e-m/fpv4-sp/hard/libc.a(lib_a-__atexit.o)
 .ARM.attributes
                0x00000000000001f6       0x39 StdPeriph_Driver/src/stm32f4xx_gpio.o
 .ARM.attributes
                0x000000000000022f       0x39 StdPeriph_Driver/src/stm32f4xx_rcc.o
 .ARM.attributes
                0x0000000000000268       0x39 StdPeriph_Driver/src/stm32f4xx_usart.o
 .ARM.attributes
                0x00000000000002a1       0x39 Third-Party/FreeRTOS/org/Source/list.o
 .ARM.attributes
                0x00000000000002da       0x39 Third-Party/FreeRTOS/org/Source/queue.o
 .ARM.attributes
                0x0000000000000313       0x39 Third-Party/FreeRTOS/org/Source/tasks.o
 .ARM.attributes
                0x000000000000034c       0x39 Third-Party/FreeRTOS/org/Source/timers.o
 .ARM.attributes
                0x0000000000000385       0x39 Third-Party/FreeRTOS/org/Source/portable/GCC/ARM_CM4F/port.o
 .ARM.attributes
                0x00000000000003be       0x39 Third-Party/FreeRTOS/org/Source/portable/MemMang/heap_4.o
 .ARM.attributes
                0x00000000000003f7       0x39 src/main.o
 .ARM.attributes
                0x0000000000000430       0x39 src/system_stm32f4xx.o
 .ARM.attributes
                0x0000000000000469       0x21 startup/startup_stm32.o
 .ARM.attributes
                0x000000000000048a       0x20 /home/ankit/Ac6/SystemWorkbench/plugins/fr.ac6.mcu.externaltools.arm-none.linux64_1.17.0.201812190825/tools/compiler/bin/../lib/gcc/arm-none-eabi/7.3.1/../../../../arm-none-eabi/lib/thumb/v7e-m/fpv4-sp/hard/libc.a(lib_a-memcpy.o)
 .ARM.attributes
                0x00000000000004aa       0x20 /home/ankit/Ac6/SystemWorkbench/plugins/fr.ac6.mcu.externaltools.arm-none.linux64_1.17.0.201812190825/tools/compiler/bin/../lib/gcc/arm-none-eabi/7.3.1/../../../../arm-none-eabi/lib/thumb/v7e-m/fpv4-sp/hard/libc.a(lib_a-strlen.o)
 .ARM.attributes
                0x00000000000004ca       0x22 /home/ankit/Ac6/SystemWorkbench/plugins/fr.ac6.mcu.externaltools.arm-none.linux64_1.17.0.201812190825/tools/compiler/bin/../lib/gcc/arm-none-eabi/7.3.1/thumb/v7e-m/fpv4-sp/hard/crtn.o
OUTPUT(STM32_HelloWorld.elf elf32-littlearm)

.debug_frame    0x0000000000000000     0x2758
 .debug_frame   0x0000000000000000       0x2c /home/ankit/Ac6/SystemWorkbench/plugins/fr.ac6.mcu.externaltools.arm-none.linux64_1.17.0.201812190825/tools/compiler/bin/../lib/gcc/arm-none-eabi/7.3.1/../../../../arm-none-eabi/lib/thumb/v7e-m/fpv4-sp/hard/libc.a(lib_a-init.o)
 .debug_frame   0x000000000000002c       0x38 /home/ankit/Ac6/SystemWorkbench/plugins/fr.ac6.mcu.externaltools.arm-none.linux64_1.17.0.201812190825/tools/compiler/bin/../lib/gcc/arm-none-eabi/7.3.1/../../../../arm-none-eabi/lib/thumb/v7e-m/fpv4-sp/hard/libc.a(lib_a-memset.o)
 .debug_frame   0x0000000000000064       0x5c /home/ankit/Ac6/SystemWorkbench/plugins/fr.ac6.mcu.externaltools.arm-none.linux64_1.17.0.201812190825/tools/compiler/bin/../lib/gcc/arm-none-eabi/7.3.1/../../../../arm-none-eabi/lib/thumb/v7e-m/fpv4-sp/hard/libc.a(lib_a-__call_atexit.o)
 .debug_frame   0x00000000000000c0       0x20 /home/ankit/Ac6/SystemWorkbench/plugins/fr.ac6.mcu.externaltools.arm-none.linux64_1.17.0.201812190825/tools/compiler/bin/../lib/gcc/arm-none-eabi/7.3.1/../../../../arm-none-eabi/lib/thumb/v7e-m/fpv4-sp/hard/libc.a(lib_a-atexit.o)
 .debug_frame   0x00000000000000e0       0x34 /home/ankit/Ac6/SystemWorkbench/plugins/fr.ac6.mcu.externaltools.arm-none.linux64_1.17.0.201812190825/tools/compiler/bin/../lib/gcc/arm-none-eabi/7.3.1/../../../../arm-none-eabi/lib/thumb/v7e-m/fpv4-sp/hard/libc.a(lib_a-fini.o)
 .debug_frame   0x0000000000000114       0xb0 /home/ankit/Ac6/SystemWorkbench/plugins/fr.ac6.mcu.externaltools.arm-none.linux64_1.17.0.201812190825/tools/compiler/bin/../lib/gcc/arm-none-eabi/7.3.1/../../../../arm-none-eabi/lib/thumb/v7e-m/fpv4-sp/hard/libc.a(lib_a-lock.o)
 .debug_frame   0x00000000000001c4       0x34 /home/ankit/Ac6/SystemWorkbench/plugins/fr.ac6.mcu.externaltools.arm-none.linux64_1.17.0.201812190825/tools/compiler/bin/../lib/gcc/arm-none-eabi/7.3.1/../../../../arm-none-eabi/lib/thumb/v7e-m/fpv4-sp/hard/libc.a(lib_a-__atexit.o)
 .debug_frame   0x00000000000001f8      0x23c StdPeriph_Driver/src/stm32f4xx_gpio.o
 .debug_frame   0x0000000000000434      0x83c StdPeriph_Driver/src/stm32f4xx_rcc.o
 .debug_frame   0x0000000000000c70      0x490 StdPeriph_Driver/src/stm32f4xx_usart.o
 .debug_frame   0x0000000000001100       0xd8 Third-Party/FreeRTOS/org/Source/list.o
 .debug_frame   0x00000000000011d8      0x530 Third-Party/FreeRTOS/org/Source/queue.o
 .debug_frame   0x0000000000001708      0x89c Third-Party/FreeRTOS/org/Source/tasks.o
 .debug_frame   0x0000000000001fa4      0x38c Third-Party/FreeRTOS/org/Source/timers.o
 .debug_frame   0x0000000000002330      0x1a8 Third-Party/FreeRTOS/org/Source/portable/GCC/ARM_CM4F/port.o
 .debug_frame   0x00000000000024d8      0x12c Third-Party/FreeRTOS/org/Source/portable/MemMang/heap_4.o
 .debug_frame   0x0000000000002604       0xd8 src/main.o
 .debug_frame   0x00000000000026dc       0x7c src/system_stm32f4xx.o

.debug_info     0x0000000000000000     0xaaf0
 .debug_info    0x0000000000000000      0x62b StdPeriph_Driver/src/stm32f4xx_gpio.o
 .debug_info    0x000000000000062b      0xe67 StdPeriph_Driver/src/stm32f4xx_rcc.o
 .debug_info    0x0000000000001492      0x9d4 StdPeriph_Driver/src/stm32f4xx_usart.o
 .debug_info    0x0000000000001e66      0xadb Third-Party/FreeRTOS/org/Source/list.o
 .debug_info    0x0000000000002941     0x1f47 Third-Party/FreeRTOS/org/Source/queue.o
 .debug_info    0x0000000000004888     0x27c5 Third-Party/FreeRTOS/org/Source/tasks.o
 .debug_info    0x000000000000704d     0x14d9 Third-Party/FreeRTOS/org/Source/timers.o
 .debug_info    0x0000000000008526      0x533 Third-Party/FreeRTOS/org/Source/portable/GCC/ARM_CM4F/port.o
 .debug_info    0x0000000000008a59      0xcfd Third-Party/FreeRTOS/org/Source/portable/MemMang/heap_4.o
 .debug_info    0x0000000000009756      0xd66 src/main.o
 .debug_info    0x000000000000a4bc      0x612 src/system_stm32f4xx.o
 .debug_info    0x000000000000aace       0x22 startup/startup_stm32.o

.debug_abbrev   0x0000000000000000     0x19de
 .debug_abbrev  0x0000000000000000      0x1bf StdPeriph_Driver/src/stm32f4xx_gpio.o
 .debug_abbrev  0x00000000000001bf      0x1d4 StdPeriph_Driver/src/stm32f4xx_rcc.o
 .debug_abbrev  0x0000000000000393      0x187 StdPeriph_Driver/src/stm32f4xx_usart.o
 .debug_abbrev  0x000000000000051a      0x205 Third-Party/FreeRTOS/org/Source/list.o
 .debug_abbrev  0x000000000000071f      0x352 Third-Party/FreeRTOS/org/Source/queue.o
 .debug_abbrev  0x0000000000000a71      0x388 Third-Party/FreeRTOS/org/Source/tasks.o
 .debug_abbrev  0x0000000000000df9      0x2fe Third-Party/FreeRTOS/org/Source/timers.o
 .debug_abbrev  0x00000000000010f7      0x210 Third-Party/FreeRTOS/org/Source/portable/GCC/ARM_CM4F/port.o
 .debug_abbrev  0x0000000000001307      0x2d4 Third-Party/FreeRTOS/org/Source/portable/MemMang/heap_4.o
 .debug_abbrev  0x00000000000015db      0x294 src/main.o
 .debug_abbrev  0x000000000000186f      0x15d src/system_stm32f4xx.o
 .debug_abbrev  0x00000000000019cc       0x12 startup/startup_stm32.o

.debug_aranges  0x0000000000000000      0x900
 .debug_aranges
                0x0000000000000000       0x88 StdPeriph_Driver/src/stm32f4xx_gpio.o
 .debug_aranges
                0x0000000000000088      0x1c0 StdPeriph_Driver/src/stm32f4xx_rcc.o
 .debug_aranges
                0x0000000000000248      0x100 StdPeriph_Driver/src/stm32f4xx_usart.o
 .debug_aranges
                0x0000000000000348       0x40 Third-Party/FreeRTOS/org/Source/list.o
 .debug_aranges
                0x0000000000000388      0x130 Third-Party/FreeRTOS/org/Source/queue.o
 .debug_aranges
                0x00000000000004b8      0x1f8 Third-Party/FreeRTOS/org/Source/tasks.o
 .debug_aranges
                0x00000000000006b0       0xd8 Third-Party/FreeRTOS/org/Source/timers.o
 .debug_aranges
                0x0000000000000788       0x80 Third-Party/FreeRTOS/org/Source/portable/GCC/ARM_CM4F/port.o
 .debug_aranges
                0x0000000000000808       0x58 Third-Party/FreeRTOS/org/Source/portable/MemMang/heap_4.o
 .debug_aranges
                0x0000000000000860       0x48 src/main.o
 .debug_aranges
                0x00000000000008a8       0x30 src/system_stm32f4xx.o
 .debug_aranges
                0x00000000000008d8       0x28 startup/startup_stm32.o

.debug_ranges   0x0000000000000000      0x848
 .debug_ranges  0x0000000000000000       0x78 StdPeriph_Driver/src/stm32f4xx_gpio.o
 .debug_ranges  0x0000000000000078      0x1b0 StdPeriph_Driver/src/stm32f4xx_rcc.o
 .debug_ranges  0x0000000000000228       0xf0 StdPeriph_Driver/src/stm32f4xx_usart.o
 .debug_ranges  0x0000000000000318       0x30 Third-Party/FreeRTOS/org/Source/list.o
 .debug_ranges  0x0000000000000348      0x120 Third-Party/FreeRTOS/org/Source/queue.o
 .debug_ranges  0x0000000000000468      0x1e8 Third-Party/FreeRTOS/org/Source/tasks.o
 .debug_ranges  0x0000000000000650       0xc8 Third-Party/FreeRTOS/org/Source/timers.o
 .debug_ranges  0x0000000000000718       0x70 Third-Party/FreeRTOS/org/Source/portable/GCC/ARM_CM4F/port.o
 .debug_ranges  0x0000000000000788       0x48 Third-Party/FreeRTOS/org/Source/portable/MemMang/heap_4.o
 .debug_ranges  0x00000000000007d0       0x38 src/main.o
 .debug_ranges  0x0000000000000808       0x20 src/system_stm32f4xx.o
 .debug_ranges  0x0000000000000828       0x20 startup/startup_stm32.o

.debug_macro    0x0000000000000000     0x21ff
 .debug_macro   0x0000000000000000      0x1bc StdPeriph_Driver/src/stm32f4xx_gpio.o
 .debug_macro   0x00000000000001bc      0x2f5 StdPeriph_Driver/src/stm32f4xx_gpio.o
 .debug_macro   0x00000000000004b1      0x28b StdPeriph_Driver/src/stm32f4xx_rcc.o
 .debug_macro   0x000000000000073c      0x1d4 StdPeriph_Driver/src/stm32f4xx_usart.o
 .debug_macro   0x0000000000000910      0x21d StdPeriph_Driver/src/stm32f4xx_usart.o
 .debug_macro   0x0000000000000b2d      0x17a Third-Party/FreeRTOS/org/Source/list.o
 .debug_macro   0x0000000000000ca7      0x204 Third-Party/FreeRTOS/org/Source/queue.o
 .debug_macro   0x0000000000000eab       0x16 Third-Party/FreeRTOS/org/Source/queue.o
 .debug_macro   0x0000000000000ec1       0x35 Third-Party/FreeRTOS/org/Source/queue.o
 .debug_macro   0x0000000000000ef6       0x80 Third-Party/FreeRTOS/org/Source/queue.o
 .debug_macro   0x0000000000000f76      0x267 Third-Party/FreeRTOS/org/Source/tasks.o
 .debug_macro   0x00000000000011dd       0x10 Third-Party/FreeRTOS/org/Source/tasks.o
 .debug_macro   0x00000000000011ed      0x1cf Third-Party/FreeRTOS/org/Source/timers.o
 .debug_macro   0x00000000000013bc       0x97 Third-Party/FreeRTOS/org/Source/timers.o
 .debug_macro   0x0000000000001453      0x196 Third-Party/FreeRTOS/org/Source/portable/GCC/ARM_CM4F/port.o
 .debug_macro   0x00000000000015e9      0x1a1 Third-Party/FreeRTOS/org/Source/portable/MemMang/heap_4.o
 .debug_macro   0x000000000000178a      0x3b4 src/main.o
 .debug_macro   0x0000000000001b3e      0x106 src/main.o
 .debug_macro   0x0000000000001c44       0x16 src/main.o
 .debug_macro   0x0000000000001c5a       0x10 src/main.o
 .debug_macro   0x0000000000001c6a       0x10 src/main.o
 .debug_macro   0x0000000000001c7a       0x1c src/main.o
 .debug_macro   0x0000000000001c96       0x52 src/main.o
 .debug_macro   0x0000000000001ce8       0x40 src/main.o
 .debug_macro   0x0000000000001d28       0x10 src/main.o
 .debug_macro   0x0000000000001d38       0x40 src/main.o
 .debug_macro   0x0000000000001d78       0xd7 src/main.o
 .debug_macro   0x0000000000001e4f       0x1c src/main.o
 .debug_macro   0x0000000000001e6b       0x3d src/main.o
 .debug_macro   0x0000000000001ea8       0x16 src/main.o
 .debug_macro   0x0000000000001ebe      0x16f src/main.o
 .debug_macro   0x000000000000202d      0x1d2 src/system_stm32f4xx.o

.debug_line     0x0000000000000000     0x69ae
 .debug_line    0x0000000000000000      0x7b5 StdPeriph_Driver/src/stm32f4xx_gpio.o
 .debug_line    0x00000000000007b5      0xaa9 StdPeriph_Driver/src/stm32f4xx_rcc.o
 .debug_line    0x000000000000125e      0x8fb StdPeriph_Driver/src/stm32f4xx_usart.o
 .debug_line    0x0000000000001b59      0x5a0 Third-Party/FreeRTOS/org/Source/list.o
 .debug_line    0x00000000000020f9      0xeed Third-Party/FreeRTOS/org/Source/queue.o
 .debug_line    0x0000000000002fe6     0x123f Third-Party/FreeRTOS/org/Source/tasks.o
 .debug_line    0x0000000000004225      0x93e Third-Party/FreeRTOS/org/Source/timers.o
 .debug_line    0x0000000000004b63      0x6d3 Third-Party/FreeRTOS/org/Source/portable/GCC/ARM_CM4F/port.o
 .debug_line    0x0000000000005236      0x6af Third-Party/FreeRTOS/org/Source/portable/MemMang/heap_4.o
 .debug_line    0x00000000000058e5      0x9a3 src/main.o
 .debug_line    0x0000000000006288      0x6aa src/system_stm32f4xx.o
 .debug_line    0x0000000000006932       0x7c startup/startup_stm32.o

.debug_str      0x0000000000000000    0x6bc95
 .debug_str     0x0000000000000000    0x5ea8f StdPeriph_Driver/src/stm32f4xx_gpio.o
                                      0x5ec8e (size before relaxing)
 .debug_str     0x000000000005ea8f      0xdb7 StdPeriph_Driver/src/stm32f4xx_rcc.o
                                      0x5f79b (size before relaxing)
 .debug_str     0x000000000005f846      0x53a StdPeriph_Driver/src/stm32f4xx_usart.o
                                      0x5efa1 (size before relaxing)
 .debug_str     0x000000000005fd80     0x67d0 Third-Party/FreeRTOS/org/Source/list.o
                                       0xa4ea (size before relaxing)
 .debug_str     0x0000000000066550     0x16d9 Third-Party/FreeRTOS/org/Source/queue.o
                                       0xbbb6 (size before relaxing)
 .debug_str     0x0000000000067c29     0x1b70 Third-Party/FreeRTOS/org/Source/tasks.o
                                       0xc87c (size before relaxing)
 .debug_str     0x0000000000069799      0x529 Third-Party/FreeRTOS/org/Source/timers.o
                                       0xc00b (size before relaxing)
 .debug_str     0x0000000000069cc2      0x7fb Third-Party/FreeRTOS/org/Source/portable/GCC/ARM_CM4F/port.o
                                       0x8684 (size before relaxing)
 .debug_str     0x000000000006a4bd      0x333 Third-Party/FreeRTOS/org/Source/portable/MemMang/heap_4.o
                                       0xaddd (size before relaxing)
 .debug_str     0x000000000006a7f0     0x1361 src/main.o
                                      0x66c5f (size before relaxing)
 .debug_str     0x000000000006bb51      0x11b src/system_stm32f4xx.o
                                      0x5ebe1 (size before relaxing)
 .debug_str     0x000000000006bc6c       0x29 startup/startup_stm32.o
                                         0x65 (size before relaxing)

.comment        0x0000000000000000       0x7f
 .comment       0x0000000000000000       0x7f StdPeriph_Driver/src/stm32f4xx_gpio.o
                                         0x80 (size before relaxing)
 .comment       0x000000000000007f       0x80 StdPeriph_Driver/src/stm32f4xx_rcc.o
 .comment       0x000000000000007f       0x80 StdPeriph_Driver/src/stm32f4xx_usart.o
 .comment       0x000000000000007f       0x80 Third-Party/FreeRTOS/org/Source/list.o
 .comment       0x000000000000007f       0x80 Third-Party/FreeRTOS/org/Source/queue.o
 .comment       0x000000000000007f       0x80 Third-Party/FreeRTOS/org/Source/tasks.o
 .comment       0x000000000000007f       0x80 Third-Party/FreeRTOS/org/Source/timers.o
 .comment       0x000000000000007f       0x80 Third-Party/FreeRTOS/org/Source/portable/GCC/ARM_CM4F/port.o
 .comment       0x000000000000007f       0x80 Third-Party/FreeRTOS/org/Source/portable/MemMang/heap_4.o
 .comment       0x000000000000007f       0x80 src/main.o
 .comment       0x000000000000007f       0x80 src/system_stm32f4xx.o
